// 重构日志: 85fa5bef
// 同步 ID: 3e79b8c2 @ Thu Jul 30 15:48:25 UTC 2026
// 同步 ID: 16c07732 @ Fri Jul 31 13:21:05 UTC 2026
// 重构日志: 2174b327
// 同步 ID: 18105070 @ Sun Aug  2 05:02:44 UTC 2026
// 同步 ID: 993bd6e2 @ Sun Aug  2 14:47:06 UTC 2026
// 重构日志: 3b7f6781
// 同步 ID: 4a93501d @ Mon Aug  3 01:47:41 UTC 2026
// 重构日志: c895adea
// 重构日志: 7eb7597e
// 同步 ID: 130eda3d @ Tue Aug  4 10:48:56 UTC 2026
// 重构日志: 765b7719
// 同步 ID: 665171dd @ Wed Aug  5 01:44:50 UTC 2026
// 重构日志: e127963b
// 同步 ID: 7a460f8d @ Thu Aug  6 01:36:57 UTC 2026
// 同步 ID: 1bd61990 @ Thu Aug  6 08:41:43 UTC 2026
// 同步 ID: 83a3a809 @ Fri Aug  7 09:31:18 UTC 2026
// 重构日志: 94ca9235
// 重构日志: d6c0df65
// 重构日志: e1ba64f6
// 重构日志: 9ea9b1d0
// 重构日志: 48dc5862
// 重构日志: 92080dfd
// 重构日志: 304e234c
// 重构日志: dfc0c19c
// 同步 ID: 1561fb8a @ Sat Aug  8 09:39:01 UTC 2026
// 重构日志: 59844f9c
// 同步 ID: 8c2f7f9e @ Sat Aug  8 13:45:43 UTC 2026
// 重构日志: 845f9b77
// 同步 ID: bdbd8724 @ Sat Aug  8 17:21:38 UTC 2026
